{
    "one_job": {
        "content": [
            "user-alignment.mislabels.tsv:md5,a14d8978f3bee72c8c9a10195cd06f07",
            "user-alignment.summary.txt:md5,ac13396bae7956ddbb0e24acee54c836"
        ],
        "timestamp": "2026-09-26T17:21:06.885727",
        "meta": {
            "nf-test": "0.9.5",
            "nextflow": "26.04.6"
        }
    },
    "folds_split": {
        "content": [
            "user-alignment.mislabels.tsv:md5,a14d8978f3bee72c8c9a10195cd06f07",
            "user-alignment.summary.txt:md5,ac13396bae7956ddbb0e24acee54c836"
        ],
        "timestamp": "2026-09-26T17:21:51.370661",
        "meta": {
            "nf-test": "0.9.5",
            "nextflow": "26.04.6"
        }
    },
    "-profile test": {
        "content": [
            {
                "CHECKALIGNED": {
                    "biopython": 1.84,
                    "python": "3.12.12"
                },
                "CHECKNAMECONSISTENCY": {
                    "biopython": 1.84,
                    "python": "3.12.12"
                },
                "CLUSTERSELECT": {
                    "python": "3.12.12"
                },
                "EMBOSS_SEQRET": {
                    "emboss": "6.6.0.0"
                },
                "RAXMLNG_SEARCH": {
                    "raxmlng": "2.0.3"
                },
                "RESOLVETAXONOMY": {
                    "python": "3.12.12"
                },
                "SATIVAEPANG_LOOPLACE": {
                    "sativaepang": "0.10.1"
                },
                "SATIVAEPANG_LOOSCORE": {
                    "sativaepang": "0.10.1"
                },
                "SATIVAEPANG_LOOTASKS": {
                    "sativaepang": "0.10.1"
                },
                "SATIVAEPANG_MISREPORT": {
                    "python": "3.11.10"
                },
                "SATIVAEPANG_REFERENCE": {
                    "sativaepang": "0.10.1"
                },
                "TAXONOMYTREE": {
                    "python": "3.11.10"
                },
                "VSEARCH_CLUSTER": {
                    "samtools": "1.23.1",
                    "vsearch": "2.31.0"
                },
                "WEIGHTFILTER": {
                    "python": "3.12.12"
                },
                "Workflow": {
                    "nf-core/taxmarker": "v1.0.0dev"
                }
            },
            [
                "checkaligned",
                "checkaligned/user-alignment.aligned.fasta",
                "checknameconsistency",
                "checknameconsistency/user-alignment.checked.phy",
                "checknameconsistency/user-alignment.checked.tax",
                "clusterselect",
                "clusterselect/user-alignment.representatives.fasta",
                "clusterselect/user-alignment.representatives.tax",
                "clusterselect/user-alignment.selection.tsv",
                "emboss",
                "emboss/user-alignment.fasta",
                "mislabels",
                "mislabels/user-alignment.mislabels.tsv",
                "multiqc",
                "multiqc/multiqc_data",
                "multiqc/multiqc_data/llms-full.txt",
                "multiqc/multiqc_data/multiqc.log",
                "multiqc/multiqc_data/multiqc.parquet",
                "multiqc/multiqc_data/multiqc_citations.txt",
                "multiqc/multiqc_data/multiqc_data.json",
                "multiqc/multiqc_data/multiqc_software_versions.txt",
                "multiqc/multiqc_data/multiqc_sources.txt",
                "multiqc/multiqc_report.html",
                "pipeline_info",
                "pipeline_info/nf_core_taxmarker_software_mqc_versions.yml",
                "raxmlng",
                "raxmlng/user-alignment.raxml.bestModel",
                "raxmlng/user-alignment.raxml.bestTree",
                "raxmlng/user-alignment.raxml.log",
                "raxmlng/user-alignment.raxml.mlTrees",
                "raxmlng/user-alignment.raxml.startTree",
                "resolvetaxonomy",
                "resolvetaxonomy/user-alignment.resolved.phy",
                "resolvetaxonomy/user-alignment.resolved.tax",
                "resolvetaxonomy/user-alignment.warnings.txt",
                "sativaepang",
                "sativaepang/looplace",
                "sativaepang/looplace/user-alignment.l1o_tasks",
                "sativaepang/looplace/user-alignment.l1o_tasks/fold_000",
                "sativaepang/looplace/user-alignment.l1o_tasks/fold_000/epa_info.log",
                "sativaepang/looplace/user-alignment.l1o_tasks/fold_000/epa_result.jplace",
                "sativaepang/looplace/user-alignment.l1o_tasks/fold_000/epang.log",
                "sativaepang/looplace/user-alignment.l1o_tasks/fold_000/query.fasta",
                "sativaepang/looplace/user-alignment.l1o_tasks/fold_000/ref.fasta",
                "sativaepang/looplace/user-alignment.l1o_tasks/fold_000/ref.nwk",
                "sativaepang/looplace/user-alignment.l1o_tasks/fold_001",
                "sativaepang/looplace/user-alignment.l1o_tasks/fold_001/epa_info.log",
                "sativaepang/looplace/user-alignment.l1o_tasks/fold_001/epa_result.jplace",
                "sativaepang/looplace/user-alignment.l1o_tasks/fold_001/epang.log",
                "sativaepang/looplace/user-alignment.l1o_tasks/fold_001/query.fasta",
                "sativaepang/looplace/user-alignment.l1o_tasks/fold_001/ref.fasta",
                "sativaepang/looplace/user-alignment.l1o_tasks/fold_001/ref.nwk",
                "sativaepang/looplace/user-alignment.l1o_tasks/fold_002",
                "sativaepang/looplace/user-alignment.l1o_tasks/fold_002/epa_info.log",
                "sativaepang/looplace/user-alignment.l1o_tasks/fold_002/epa_result.jplace",
                "sativaepang/looplace/user-alignment.l1o_tasks/fold_002/epang.log",
                "sativaepang/looplace/user-alignment.l1o_tasks/fold_002/query.fasta",
                "sativaepang/looplace/user-alignment.l1o_tasks/fold_002/ref.fasta",
                "sativaepang/looplace/user-alignment.l1o_tasks/fold_002/ref.nwk",
                "sativaepang/looplace/user-alignment.l1o_tasks/fold_003",
                "sativaepang/looplace/user-alignment.l1o_tasks/fold_003/epa_info.log",
                "sativaepang/looplace/user-alignment.l1o_tasks/fold_003/epa_result.jplace",
                "sativaepang/looplace/user-alignment.l1o_tasks/fold_003/epang.log",
                "sativaepang/looplace/user-alignment.l1o_tasks/fold_003/query.fasta",
                "sativaepang/looplace/user-alignment.l1o_tasks/fold_003/ref.fasta",
                "sativaepang/looplace/user-alignment.l1o_tasks/fold_003/ref.nwk",
                "sativaepang/looplace/user-alignment.l1o_tasks/fold_004",
                "sativaepang/looplace/user-alignment.l1o_tasks/fold_004/epa_info.log",
                "sativaepang/looplace/user-alignment.l1o_tasks/fold_004/epa_result.jplace",
                "sativaepang/looplace/user-alignment.l1o_tasks/fold_004/epang.log",
                "sativaepang/looplace/user-alignment.l1o_tasks/fold_004/query.fasta",
                "sativaepang/looplace/user-alignment.l1o_tasks/fold_004/ref.fasta",
                "sativaepang/looplace/user-alignment.l1o_tasks/fold_004/ref.nwk",
                "sativaepang/looplace/user-alignment.l1o_tasks/fold_005",
                "sativaepang/looplace/user-alignment.l1o_tasks/fold_005/epa_info.log",
                "sativaepang/looplace/user-alignment.l1o_tasks/fold_005/epa_result.jplace",
                "sativaepang/looplace/user-alignment.l1o_tasks/fold_005/epang.log",
                "sativaepang/looplace/user-alignment.l1o_tasks/fold_005/query.fasta",
                "sativaepang/looplace/user-alignment.l1o_tasks/fold_005/ref.fasta",
                "sativaepang/looplace/user-alignment.l1o_tasks/fold_005/ref.nwk",
                "sativaepang/looplace/user-alignment.l1o_tasks/fold_006",
                "sativaepang/looplace/user-alignment.l1o_tasks/fold_006/epa_info.log",
                "sativaepang/looplace/user-alignment.l1o_tasks/fold_006/epa_result.jplace",
                "sativaepang/looplace/user-alignment.l1o_tasks/fold_006/epang.log",
                "sativaepang/looplace/user-alignment.l1o_tasks/fold_006/query.fasta",
                "sativaepang/looplace/user-alignment.l1o_tasks/fold_006/ref.fasta",
                "sativaepang/looplace/user-alignment.l1o_tasks/fold_006/ref.nwk",
                "sativaepang/looplace/user-alignment.l1o_tasks/fold_007",
                "sativaepang/looplace/user-alignment.l1o_tasks/fold_007/epa_info.log",
                "sativaepang/looplace/user-alignment.l1o_tasks/fold_007/epa_result.jplace",
                "sativaepang/looplace/user-alignment.l1o_tasks/fold_007/epang.log",
                "sativaepang/looplace/user-alignment.l1o_tasks/fold_007/query.fasta",
                "sativaepang/looplace/user-alignment.l1o_tasks/fold_007/ref.fasta",
                "sativaepang/looplace/user-alignment.l1o_tasks/fold_007/ref.nwk",
                "sativaepang/looplace/user-alignment.l1o_tasks/fold_008",
                "sativaepang/looplace/user-alignment.l1o_tasks/fold_008/epa_info.log",
                "sativaepang/looplace/user-alignment.l1o_tasks/fold_008/epa_result.jplace",
                "sativaepang/looplace/user-alignment.l1o_tasks/fold_008/epang.log",
                "sativaepang/looplace/user-alignment.l1o_tasks/fold_008/query.fasta",
                "sativaepang/looplace/user-alignment.l1o_tasks/fold_008/ref.fasta",
                "sativaepang/looplace/user-alignment.l1o_tasks/fold_008/ref.nwk",
                "sativaepang/looplace/user-alignment.l1o_tasks/fold_009",
                "sativaepang/looplace/user-alignment.l1o_tasks/fold_009/epa_info.log",
                "sativaepang/looplace/user-alignment.l1o_tasks/fold_009/epa_result.jplace",
                "sativaepang/looplace/user-alignment.l1o_tasks/fold_009/epang.log",
                "sativaepang/looplace/user-alignment.l1o_tasks/fold_009/query.fasta",
                "sativaepang/looplace/user-alignment.l1o_tasks/fold_009/ref.fasta",
                "sativaepang/looplace/user-alignment.l1o_tasks/fold_009/ref.nwk",
                "sativaepang/looplace/user-alignment.l1o_tasks/fold_010",
                "sativaepang/looplace/user-alignment.l1o_tasks/fold_010/epa_info.log",
                "sativaepang/looplace/user-alignment.l1o_tasks/fold_010/epa_result.jplace",
                "sativaepang/looplace/user-alignment.l1o_tasks/fold_010/epang.log",
                "sativaepang/looplace/user-alignment.l1o_tasks/fold_010/query.fasta",
                "sativaepang/looplace/user-alignment.l1o_tasks/fold_010/ref.fasta",
                "sativaepang/looplace/user-alignment.l1o_tasks/fold_010/ref.nwk",
                "sativaepang/looplace/user-alignment.l1o_tasks/fold_011",
                "sativaepang/looplace/user-alignment.l1o_tasks/fold_011/epa_info.log",
                "sativaepang/looplace/user-alignment.l1o_tasks/fold_011/epa_result.jplace",
                "sativaepang/looplace/user-alignment.l1o_tasks/fold_011/epang.log",
                "sativaepang/looplace/user-alignment.l1o_tasks/fold_011/query.fasta",
                "sativaepang/looplace/user-alignment.l1o_tasks/fold_011/ref.fasta",
                "sativaepang/looplace/user-alignment.l1o_tasks/fold_011/ref.nwk",
                "sativaepang/looplace/user-alignment.l1o_tasks/fold_012",
                "sativaepang/looplace/user-alignment.l1o_tasks/fold_012/epa_info.log",
                "sativaepang/looplace/user-alignment.l1o_tasks/fold_012/epa_result.jplace",
                "sativaepang/looplace/user-alignment.l1o_tasks/fold_012/epang.log",
                "sativaepang/looplace/user-alignment.l1o_tasks/fold_012/query.fasta",
                "sativaepang/looplace/user-alignment.l1o_tasks/fold_012/ref.fasta",
                "sativaepang/looplace/user-alignment.l1o_tasks/fold_012/ref.nwk",
                "sativaepang/looplace/user-alignment.l1o_tasks/fold_013",
                "sativaepang/looplace/user-alignment.l1o_tasks/fold_013/epa_info.log",
                "sativaepang/looplace/user-alignment.l1o_tasks/fold_013/epa_result.jplace",
                "sativaepang/looplace/user-alignment.l1o_tasks/fold_013/epang.log",
                "sativaepang/looplace/user-alignment.l1o_tasks/fold_013/query.fasta",
                "sativaepang/looplace/user-alignment.l1o_tasks/fold_013/ref.fasta",
                "sativaepang/looplace/user-alignment.l1o_tasks/fold_013/ref.nwk",
                "sativaepang/looplace/user-alignment.l1o_tasks/fold_014",
                "sativaepang/looplace/user-alignment.l1o_tasks/fold_014/epa_info.log",
                "sativaepang/looplace/user-alignment.l1o_tasks/fold_014/epa_result.jplace",
                "sativaepang/looplace/user-alignment.l1o_tasks/fold_014/epang.log",
                "sativaepang/looplace/user-alignment.l1o_tasks/fold_014/query.fasta",
                "sativaepang/looplace/user-alignment.l1o_tasks/fold_014/ref.fasta",
                "sativaepang/looplace/user-alignment.l1o_tasks/fold_014/ref.nwk",
                "sativaepang/looplace/user-alignment.l1o_tasks/fold_015",
                "sativaepang/looplace/user-alignment.l1o_tasks/fold_015/epa_info.log",
                "sativaepang/looplace/user-alignment.l1o_tasks/fold_015/epa_result.jplace",
                "sativaepang/looplace/user-alignment.l1o_tasks/fold_015/epang.log",
                "sativaepang/looplace/user-alignment.l1o_tasks/fold_015/query.fasta",
                "sativaepang/looplace/user-alignment.l1o_tasks/fold_015/ref.fasta",
                "sativaepang/looplace/user-alignment.l1o_tasks/fold_015/ref.nwk",
                "sativaepang/looplace/user-alignment.l1o_tasks/fold_016",
                "sativaepang/looplace/user-alignment.l1o_tasks/fold_016/epa_info.log",
                "sativaepang/looplace/user-alignment.l1o_tasks/fold_016/epa_result.jplace",
                "sativaepang/looplace/user-alignment.l1o_tasks/fold_016/epang.log",
                "sativaepang/looplace/user-alignment.l1o_tasks/fold_016/query.fasta",
                "sativaepang/looplace/user-alignment.l1o_tasks/fold_016/ref.fasta",
                "sativaepang/looplace/user-alignment.l1o_tasks/fold_016/ref.nwk",
                "sativaepang/looplace/user-alignment.l1o_tasks/fold_017",
                "sativaepang/looplace/user-alignment.l1o_tasks/fold_017/epa_info.log",
                "sativaepang/looplace/user-alignment.l1o_tasks/fold_017/epa_result.jplace",
                "sativaepang/looplace/user-alignment.l1o_tasks/fold_017/epang.log",
                "sativaepang/looplace/user-alignment.l1o_tasks/fold_017/query.fasta",
                "sativaepang/looplace/user-alignment.l1o_tasks/fold_017/ref.fasta",
                "sativaepang/looplace/user-alignment.l1o_tasks/fold_017/ref.nwk",
                "sativaepang/looplace/user-alignment.l1o_tasks/fold_018",
                "sativaepang/looplace/user-alignment.l1o_tasks/fold_018/epa_info.log",
                "sativaepang/looplace/user-alignment.l1o_tasks/fold_018/epa_result.jplace",
                "sativaepang/looplace/user-alignment.l1o_tasks/fold_018/epang.log",
                "sativaepang/looplace/user-alignment.l1o_tasks/fold_018/query.fasta",
                "sativaepang/looplace/user-alignment.l1o_tasks/fold_018/ref.fasta",
                "sativaepang/looplace/user-alignment.l1o_tasks/fold_018/ref.nwk",
                "sativaepang/looplace/user-alignment.l1o_tasks/fold_019",
                "sativaepang/looplace/user-alignment.l1o_tasks/fold_019/epa_info.log",
                "sativaepang/looplace/user-alignment.l1o_tasks/fold_019/epa_result.jplace",
                "sativaepang/looplace/user-alignment.l1o_tasks/fold_019/epang.log",
                "sativaepang/looplace/user-alignment.l1o_tasks/fold_019/query.fasta",
                "sativaepang/looplace/user-alignment.l1o_tasks/fold_019/ref.fasta",
                "sativaepang/looplace/user-alignment.l1o_tasks/fold_019/ref.nwk",
                "sativaepang/looplace/user-alignment.l1o_tasks/fold_020",
                "sativaepang/looplace/user-alignment.l1o_tasks/fold_020/epa_info.log",
                "sativaepang/looplace/user-alignment.l1o_tasks/fold_020/epa_result.jplace",
                "sativaepang/looplace/user-alignment.l1o_tasks/fold_020/epang.log",
                "sativaepang/looplace/user-alignment.l1o_tasks/fold_020/query.fasta",
                "sativaepang/looplace/user-alignment.l1o_tasks/fold_020/ref.fasta",
                "sativaepang/looplace/user-alignment.l1o_tasks/fold_020/ref.nwk",
                "sativaepang/looplace/user-alignment.l1o_tasks/fold_021",
                "sativaepang/looplace/user-alignment.l1o_tasks/fold_021/epa_info.log",
                "sativaepang/looplace/user-alignment.l1o_tasks/fold_021/epa_result.jplace",
                "sativaepang/looplace/user-alignment.l1o_tasks/fold_021/epang.log",
                "sativaepang/looplace/user-alignment.l1o_tasks/fold_021/query.fasta",
                "sativaepang/looplace/user-alignment.l1o_tasks/fold_021/ref.fasta",
                "sativaepang/looplace/user-alignment.l1o_tasks/fold_021/ref.nwk",
                "sativaepang/looplace/user-alignment.l1o_tasks/fold_022",
                "sativaepang/looplace/user-alignment.l1o_tasks/fold_022/epa_info.log",
                "sativaepang/looplace/user-alignment.l1o_tasks/fold_022/epa_result.jplace",
                "sativaepang/looplace/user-alignment.l1o_tasks/fold_022/epang.log",
                "sativaepang/looplace/user-alignment.l1o_tasks/fold_022/query.fasta",
                "sativaepang/looplace/user-alignment.l1o_tasks/fold_022/ref.fasta",
                "sativaepang/looplace/user-alignment.l1o_tasks/fold_022/ref.nwk",
                "sativaepang/looplace/user-alignment.l1o_tasks/fold_023",
                "sativaepang/looplace/user-alignment.l1o_tasks/fold_023/epa_info.log",
                "sativaepang/looplace/user-alignment.l1o_tasks/fold_023/epa_result.jplace",
                "sativaepang/looplace/user-alignment.l1o_tasks/fold_023/epang.log",
                "sativaepang/looplace/user-alignment.l1o_tasks/fold_023/query.fasta",
                "sativaepang/looplace/user-alignment.l1o_tasks/fold_023/ref.fasta",
                "sativaepang/looplace/user-alignment.l1o_tasks/fold_023/ref.nwk",
                "sativaepang/looplace/user-alignment.l1o_tasks/fold_024",
                "sativaepang/looplace/user-alignment.l1o_tasks/fold_024/epa_info.log",
                "sativaepang/looplace/user-alignment.l1o_tasks/fold_024/epa_result.jplace",
                "sativaepang/looplace/user-alignment.l1o_tasks/fold_024/epang.log",
                "sativaepang/looplace/user-alignment.l1o_tasks/fold_024/query.fasta",
                "sativaepang/looplace/user-alignment.l1o_tasks/fold_024/ref.fasta",
                "sativaepang/looplace/user-alignment.l1o_tasks/fold_024/ref.nwk",
                "sativaepang/looplace/user-alignment.l1o_tasks/manifest.json",
                "sativaepang/lootasks",
                "sativaepang/lootasks/user-alignment.l1o_tasks",
                "sativaepang/lootasks/user-alignment.l1o_tasks/fold_000",
                "sativaepang/lootasks/user-alignment.l1o_tasks/fold_000/query.fasta",
                "sativaepang/lootasks/user-alignment.l1o_tasks/fold_000/ref.fasta",
                "sativaepang/lootasks/user-alignment.l1o_tasks/fold_000/ref.nwk",
                "sativaepang/lootasks/user-alignment.l1o_tasks/fold_001",
                "sativaepang/lootasks/user-alignment.l1o_tasks/fold_001/query.fasta",
                "sativaepang/lootasks/user-alignment.l1o_tasks/fold_001/ref.fasta",
                "sativaepang/lootasks/user-alignment.l1o_tasks/fold_001/ref.nwk",
                "sativaepang/lootasks/user-alignment.l1o_tasks/fold_002",
                "sativaepang/lootasks/user-alignment.l1o_tasks/fold_002/query.fasta",
                "sativaepang/lootasks/user-alignment.l1o_tasks/fold_002/ref.fasta",
                "sativaepang/lootasks/user-alignment.l1o_tasks/fold_002/ref.nwk",
                "sativaepang/lootasks/user-alignment.l1o_tasks/fold_003",
                "sativaepang/lootasks/user-alignment.l1o_tasks/fold_003/query.fasta",
                "sativaepang/lootasks/user-alignment.l1o_tasks/fold_003/ref.fasta",
                "sativaepang/lootasks/user-alignment.l1o_tasks/fold_003/ref.nwk",
                "sativaepang/lootasks/user-alignment.l1o_tasks/fold_004",
                "sativaepang/lootasks/user-alignment.l1o_tasks/fold_004/query.fasta",
                "sativaepang/lootasks/user-alignment.l1o_tasks/fold_004/ref.fasta",
                "sativaepang/lootasks/user-alignment.l1o_tasks/fold_004/ref.nwk",
                "sativaepang/lootasks/user-alignment.l1o_tasks/fold_005",
                "sativaepang/lootasks/user-alignment.l1o_tasks/fold_005/query.fasta",
                "sativaepang/lootasks/user-alignment.l1o_tasks/fold_005/ref.fasta",
                "sativaepang/lootasks/user-alignment.l1o_tasks/fold_005/ref.nwk",
                "sativaepang/lootasks/user-alignment.l1o_tasks/fold_006",
                "sativaepang/lootasks/user-alignment.l1o_tasks/fold_006/query.fasta",
                "sativaepang/lootasks/user-alignment.l1o_tasks/fold_006/ref.fasta",
                "sativaepang/lootasks/user-alignment.l1o_tasks/fold_006/ref.nwk",
                "sativaepang/lootasks/user-alignment.l1o_tasks/fold_007",
                "sativaepang/lootasks/user-alignment.l1o_tasks/fold_007/query.fasta",
                "sativaepang/lootasks/user-alignment.l1o_tasks/fold_007/ref.fasta",
                "sativaepang/lootasks/user-alignment.l1o_tasks/fold_007/ref.nwk",
                "sativaepang/lootasks/user-alignment.l1o_tasks/fold_008",
                "sativaepang/lootasks/user-alignment.l1o_tasks/fold_008/query.fasta",
                "sativaepang/lootasks/user-alignment.l1o_tasks/fold_008/ref.fasta",
                "sativaepang/lootasks/user-alignment.l1o_tasks/fold_008/ref.nwk",
                "sativaepang/lootasks/user-alignment.l1o_tasks/fold_009",
                "sativaepang/lootasks/user-alignment.l1o_tasks/fold_009/query.fasta",
                "sativaepang/lootasks/user-alignment.l1o_tasks/fold_009/ref.fasta",
                "sativaepang/lootasks/user-alignment.l1o_tasks/fold_009/ref.nwk",
                "sativaepang/lootasks/user-alignment.l1o_tasks/fold_010",
                "sativaepang/lootasks/user-alignment.l1o_tasks/fold_010/query.fasta",
                "sativaepang/lootasks/user-alignment.l1o_tasks/fold_010/ref.fasta",
                "sativaepang/lootasks/user-alignment.l1o_tasks/fold_010/ref.nwk",
                "sativaepang/lootasks/user-alignment.l1o_tasks/fold_011",
                "sativaepang/lootasks/user-alignment.l1o_tasks/fold_011/query.fasta",
                "sativaepang/lootasks/user-alignment.l1o_tasks/fold_011/ref.fasta",
                "sativaepang/lootasks/user-alignment.l1o_tasks/fold_011/ref.nwk",
                "sativaepang/lootasks/user-alignment.l1o_tasks/fold_012",
                "sativaepang/lootasks/user-alignment.l1o_tasks/fold_012/query.fasta",
                "sativaepang/lootasks/user-alignment.l1o_tasks/fold_012/ref.fasta",
                "sativaepang/lootasks/user-alignment.l1o_tasks/fold_012/ref.nwk",
                "sativaepang/lootasks/user-alignment.l1o_tasks/fold_013",
                "sativaepang/lootasks/user-alignment.l1o_tasks/fold_013/query.fasta",
                "sativaepang/lootasks/user-alignment.l1o_tasks/fold_013/ref.fasta",
                "sativaepang/lootasks/user-alignment.l1o_tasks/fold_013/ref.nwk",
                "sativaepang/lootasks/user-alignment.l1o_tasks/fold_014",
                "sativaepang/lootasks/user-alignment.l1o_tasks/fold_014/query.fasta",
                "sativaepang/lootasks/user-alignment.l1o_tasks/fold_014/ref.fasta",
                "sativaepang/lootasks/user-alignment.l1o_tasks/fold_014/ref.nwk",
                "sativaepang/lootasks/user-alignment.l1o_tasks/fold_015",
                "sativaepang/lootasks/user-alignment.l1o_tasks/fold_015/query.fasta",
                "sativaepang/lootasks/user-alignment.l1o_tasks/fold_015/ref.fasta",
                "sativaepang/lootasks/user-alignment.l1o_tasks/fold_015/ref.nwk",
                "sativaepang/lootasks/user-alignment.l1o_tasks/fold_016",
                "sativaepang/lootasks/user-alignment.l1o_tasks/fold_016/query.fasta",
                "sativaepang/lootasks/user-alignment.l1o_tasks/fold_016/ref.fasta",
                "sativaepang/lootasks/user-alignment.l1o_tasks/fold_016/ref.nwk",
                "sativaepang/lootasks/user-alignment.l1o_tasks/fold_017",
                "sativaepang/lootasks/user-alignment.l1o_tasks/fold_017/query.fasta",
                "sativaepang/lootasks/user-alignment.l1o_tasks/fold_017/ref.fasta",
                "sativaepang/lootasks/user-alignment.l1o_tasks/fold_017/ref.nwk",
                "sativaepang/lootasks/user-alignment.l1o_tasks/fold_018",
                "sativaepang/lootasks/user-alignment.l1o_tasks/fold_018/query.fasta",
                "sativaepang/lootasks/user-alignment.l1o_tasks/fold_018/ref.fasta",
                "sativaepang/lootasks/user-alignment.l1o_tasks/fold_018/ref.nwk",
                "sativaepang/lootasks/user-alignment.l1o_tasks/fold_019",
                "sativaepang/lootasks/user-alignment.l1o_tasks/fold_019/query.fasta",
                "sativaepang/lootasks/user-alignment.l1o_tasks/fold_019/ref.fasta",
                "sativaepang/lootasks/user-alignment.l1o_tasks/fold_019/ref.nwk",
                "sativaepang/lootasks/user-alignment.l1o_tasks/fold_020",
                "sativaepang/lootasks/user-alignment.l1o_tasks/fold_020/query.fasta",
                "sativaepang/lootasks/user-alignment.l1o_tasks/fold_020/ref.fasta",
                "sativaepang/lootasks/user-alignment.l1o_tasks/fold_020/ref.nwk",
                "sativaepang/lootasks/user-alignment.l1o_tasks/fold_021",
                "sativaepang/lootasks/user-alignment.l1o_tasks/fold_021/query.fasta",
                "sativaepang/lootasks/user-alignment.l1o_tasks/fold_021/ref.fasta",
                "sativaepang/lootasks/user-alignment.l1o_tasks/fold_021/ref.nwk",
                "sativaepang/lootasks/user-alignment.l1o_tasks/fold_022",
                "sativaepang/lootasks/user-alignment.l1o_tasks/fold_022/query.fasta",
                "sativaepang/lootasks/user-alignment.l1o_tasks/fold_022/ref.fasta",
                "sativaepang/lootasks/user-alignment.l1o_tasks/fold_022/ref.nwk",
                "sativaepang/lootasks/user-alignment.l1o_tasks/fold_023",
                "sativaepang/lootasks/user-alignment.l1o_tasks/fold_023/query.fasta",
                "sativaepang/lootasks/user-alignment.l1o_tasks/fold_023/ref.fasta",
                "sativaepang/lootasks/user-alignment.l1o_tasks/fold_023/ref.nwk",
                "sativaepang/lootasks/user-alignment.l1o_tasks/fold_024",
                "sativaepang/lootasks/user-alignment.l1o_tasks/fold_024/query.fasta",
                "sativaepang/lootasks/user-alignment.l1o_tasks/fold_024/ref.fasta",
                "sativaepang/lootasks/user-alignment.l1o_tasks/fold_024/ref.nwk",
                "sativaepang/lootasks/user-alignment.l1o_tasks/manifest.json",
                "sativaepang/user-alignment.mis",
                "sativaepang/user-alignment.mislabels.tsv",
                "sativaepang/user-alignment.model",
                "sativaepang/user-alignment.refjson",
                "sativaepang/user-alignment.summary.txt",
                "taxonomytree",
                "taxonomytree/user-alignment.guide.nwk",
                "vsearch",
                "vsearch/user-alignment.uc.tsv.gz",
                "weightfilter",
                "weightfilter/user-alignment.excluded.tsv",
                "weightfilter/user-alignment.weightfiltered.fasta",
                "weightfilter/user-alignment.weightfiltered.tax",
                "weightfilter/user-alignment.weightfiltered.ungapped.fasta"
            ],
            [
                "user-alignment.aligned.fasta:md5,0ad3ff854bc27adf0b30b8a4e3627b61",
                "user-alignment.checked.phy:md5,18b06732288ac020f53b609fc597db21",
                "user-alignment.checked.tax:md5,f634269ab9aea1616bf9b76758f6cd44",
                "user-alignment.representatives.fasta:md5,0ad3ff854bc27adf0b30b8a4e3627b61",
                "user-alignment.representatives.tax:md5,506b2a5dc1a69fceeb6ba65cde042633",
                "user-alignment.selection.tsv:md5,2e5054af4c63fc8741c037ce318028e8",
                "user-alignment.fasta:md5,452d9754506eefcb9ed4891fc569f93a",
                "user-alignment.mislabels.tsv:md5,268e56c1053b65f1e91c71442d853476",
                "multiqc_citations.txt:md5,4c806e63a283ec1b7e78cdae3a923d4f",
                "user-alignment.raxml.bestModel:md5,87a31453a53c04dda6bc0c1e1fb3c995",
                "user-alignment.raxml.bestTree:md5,ef46e0f9ebedc6460415067420cbb72b",
                "user-alignment.raxml.mlTrees:md5,b0c247f7de7305fb2d83b90fa325159d",
                "user-alignment.raxml.startTree:md5,5767fdfe3bd768524e6282e810128084",
                "user-alignment.resolved.phy:md5,18b06732288ac020f53b609fc597db21",
                "user-alignment.resolved.tax:md5,f634269ab9aea1616bf9b76758f6cd44",
                "user-alignment.warnings.txt:md5,d41d8cd98f00b204e9800998ecf8427e",
                "query.fasta:md5,b8a08c188a7d3fcacc738c0639909261",
                "ref.fasta:md5,e625c7ab5b320b4a7a735763ae622157",
                "ref.nwk:md5,ae053b17eb77ef583dfa1b68bc7a5efb",
                "query.fasta:md5,0f24ab05f1836e0537afe427a3e56417",
                "ref.fasta:md5,4d63460e36bfe6af9f0bb70bec1f1477",
                "ref.nwk:md5,26c090608af1400055effed48e870c0a",
                "query.fasta:md5,3a582742088147e23524383cb947d391",
                "ref.fasta:md5,a6245d1ea540abe688d0510ebde3f3bb",
                "ref.nwk:md5,3459f3ecc241533e66e6174390e9623f",
                "query.fasta:md5,05f31de10beab0442e98582603316cf4",
                "ref.fasta:md5,95a1512506d2dff83ef9ee0d21dcc53d",
                "ref.nwk:md5,d400f9b6ab2d33db7e68e905a3030f03",
                "query.fasta:md5,89f9d7bb246c076765d08edde52a7297",
                "ref.fasta:md5,24d4f002414ebb1f38bf4fc45ed70169",
                "ref.nwk:md5,f0001b540f3df11dbde516d80c4bc429",
                "query.fasta:md5,d0fe68aa9051e6f85cdcd447e311f970",
                "ref.fasta:md5,06ba3be65f374dd9aa67c6568088a61a",
                "ref.nwk:md5,039d811c2ae3c21afe06c5221d7420bb",
                "query.fasta:md5,f6a9a3f9afbba433a2fe1e1f8540b98d",
                "ref.fasta:md5,4932b1a7d6fbf6bfa74cdeddce3d0bc8",
                "ref.nwk:md5,6dde589fe27b9c473ea8d6f23f7eb141",
                "query.fasta:md5,a828e294961de90825b229e35f47f954",
                "ref.fasta:md5,260d5c44e3f090bb49088342e778369d",
                "ref.nwk:md5,0a9147b85e90762c1cd5cec010f1a601",
                "query.fasta:md5,24e36ecc2a5f8d5bf510033a50e73f87",
                "ref.fasta:md5,98bd384cdcdd8750ec02f0b25bf0d115",
                "ref.nwk:md5,473b867ff1413f907bd5fb3dfecc294b",
                "query.fasta:md5,743bc43a27b913c424f2921911f324ca",
                "ref.fasta:md5,5bfcc21c82d8d6508f114d6d95630c1c",
                "ref.nwk:md5,61a19b4a1db1c05816a1caabd1600ec1",
                "query.fasta:md5,492f1143bbcdba22b483d9efa8678b54",
                "ref.fasta:md5,70eef254f1a7755892f8255442f127e8",
                "ref.nwk:md5,d8f8b78fd9038b54cccccc4f62a32a6c",
                "query.fasta:md5,51561941ac0208f03ea4289955a69058",
                "ref.fasta:md5,0eb9dc98e9eaf08643c66ecf29e5fc60",
                "ref.nwk:md5,808c981acdaa728dd9932c4b2ad45da1",
                "query.fasta:md5,2aba6fdeccee285d7bc4bfb587d4bf94",
                "ref.fasta:md5,5a7816582409433cfa95961295d0e163",
                "ref.nwk:md5,1b0adb4e404b474a276a0c11290d5eda",
                "query.fasta:md5,9fd0bf4fdcc19c5fffee6e0f90aae21b",
                "ref.fasta:md5,8381f3e0c54a84f07532a4bd14c77f82",
                "ref.nwk:md5,a7f3d9c9fda116777e2ceb644cc46927",
                "query.fasta:md5,63422105d1afc812972c4b164833952a",
                "ref.fasta:md5,d1ad2ba1373f1cf1c16681b54e4a15b2",
                "ref.nwk:md5,318c450f681d4b8aba2f931ef4b8d13f",
                "query.fasta:md5,d4ebfa9cb2ac8c7536489cdc83118078",
                "ref.fasta:md5,1c95e636f5749cc31f287d69fdcebc39",
                "ref.nwk:md5,9ee35485acea250346351721b6b6a99e",
                "query.fasta:md5,c7707e9134deddd6e3cd4fb7445b2cd8",
                "ref.fasta:md5,77436eb2ad69e452f665b6add2342ee4",
                "ref.nwk:md5,f094f8bf5d560654410c9d5a66588a0f",
                "query.fasta:md5,bd4375b8f6e50b154a6b054cd0cf31e0",
                "ref.fasta:md5,eb4bb819cf55e0f66cb1ae97791848ac",
                "ref.nwk:md5,f35a0b768da78d5272bd416789a079a9",
                "query.fasta:md5,8f4b189f158d02e0f8693bff97bd73cf",
                "ref.fasta:md5,69ae4bd965a4bc65163c8938ace2bc68",
                "ref.nwk:md5,92045018281c258273ff0ea2f3cb1544",
                "query.fasta:md5,920eea45bb592d63b931236bcaa6f10d",
                "ref.fasta:md5,77408f21d0914f6f297ef2ed25010ee3",
                "ref.nwk:md5,c125a1ab2c4e573729be2589d2b84c4b",
                "query.fasta:md5,7b95b8897d3cfb833c5ce6d33fd4d876",
                "ref.fasta:md5,a96540df46a05f5a57802a3c10afa66e",
                "ref.nwk:md5,1e9a66e34f13ced6c63c4ad87719c130",
                "query.fasta:md5,a608e5df3336c5a179c52d3f74e650a9",
                "ref.fasta:md5,6bde63d5b3f693dba1eb9851d8324f0c",
                "ref.nwk:md5,a32ed907a60140c423d2f772c820d0cb",
                "query.fasta:md5,53c2c1800cca52aebd075e7af7c3fe76",
                "ref.fasta:md5,f88bf05fd14e30290c4dc81f31cdf8b7",
                "ref.nwk:md5,1dd9c47ea4a3a395fb0518e436d3ce84",
                "query.fasta:md5,0fa3cd4169734e1ba89eafd24667c605",
                "ref.fasta:md5,b6dfe422b7612047732f3d3936da9b6f",
                "ref.nwk:md5,15ab777ca78b127e1383e1fbccc6b5f3",
                "query.fasta:md5,68d88ecba4d7e2946e112d89c172e518",
                "ref.fasta:md5,1f50c1096cd3c883c074063fc5f7838e",
                "ref.nwk:md5,df424a1ac5a38cb2d79694c47b6cabf6",
                "manifest.json:md5,d2ffd781d54f8ea17b14633c22d89886",
                "user-alignment.mis:md5,1af771cf96fcc21d1ccbecc27d731a6a",
                "user-alignment.mislabels.tsv:md5,268e56c1053b65f1e91c71442d853476",
                "user-alignment.model:md5,87a31453a53c04dda6bc0c1e1fb3c995",
                "user-alignment.summary.txt:md5,fa6d93fc7361278e4e940c9af53775ac",
                "user-alignment.guide.nwk:md5,114aa03acc33196f205e1e031bb16451",
                "user-alignment.uc.tsv.gz:md5,8880a9b84d9a0a3d2e9e5b1d4405e4cf",
                "user-alignment.excluded.tsv:md5,9ef51d9e7dc4e0e238c8f1abdd3d6b88",
                "user-alignment.weightfiltered.fasta:md5,452d9754506eefcb9ed4891fc569f93a",
                "user-alignment.weightfiltered.tax:md5,f634269ab9aea1616bf9b76758f6cd44",
                "user-alignment.weightfiltered.ungapped.fasta:md5,2d4d46cc6ffcc739450530ceeeabb665"
            ]
        ],
        "timestamp": "2026-09-22T11:32:48.104462987",
        "meta": {
            "nf-test": "0.9.4",
            "nextflow": "26.04.6"
        }
    },
    "placement_outputs": {
        "content": [
            "user-alignment.mislabels.tsv:md5,a14d8978f3bee72c8c9a10195cd06f07",
            "user-alignment.summary.txt:md5,ac13396bae7956ddbb0e24acee54c836"
        ],
        "timestamp": "2026-09-26T17:15:35.711421",
        "meta": {
            "nf-test": "0.9.5",
            "nextflow": "26.04.6"
        }
    }
}